// Vitest Snapshot v1

exports[`web-fonts (inline: false) 1`] = `
"/* layer: preflights */
*,::before,::after{--vin-rotate:0;--vin-rotate-x:0;--vin-rotate-y:0;--vin-rotate-z:0;--vin-scale-x:1;--vin-scale-y:1;--vin-scale-z:1;--vin-skew-x:0;--vin-skew-y:0;--vin-translate-x:0;--vin-translate-y:0;--vin-translate-z:0;--vin-ring-offset-shadow:0 0 #0000;--vin-ring-shadow:0 0 #0000;--vin-shadow-inset:var(--vin-empty,/*!*/ /*!*/);--vin-shadow:0 0 #0000;--vin-ring-inset:var(--vin-empty,/*!*/ /*!*/);--vin-ring-offset-width:0px;--vin-ring-offset-color:#fff;--vin-ring-width:0px;--vin-ring-color:rgba(147,197,253,0.5);}
/* layer: __webfonts__ */
@import url('https://fonts.googleapis.com/css2?family=Inter:wght@100..900&family=Fira+Code&family=Fira+Mono:wght@400;700&family=Lobster&family=Lato:ital,wght@0,400;0,700;1,400;1,700&display=swap')
html {
      font-family: \\"Inter\\",ui-sans-serif,system-ui,-apple-system,BlinkMacSystemFont,\\"Segoe UI\\",Roboto,\\"Helvetica Neue\\",Arial,\\"Noto Sans\\",sans-serif,\\"Apple Color Emoji\\",\\"Segoe UI Emoji\\",\\"Segoe UI Symbol\\",\\"Noto Color Emoji\\";
    }
/* layer: default */
.font-lato{font-family:\\"Lato\\",sans-serif;}
.font-lobster{font-family:\\"Lobster\\";}
.font-mono{font-family:\\"Fira Code\\",\\"Fira Mono\\",ui-monospace,SFMono-Regular,Menlo,Monaco,Consolas,\\"Liberation Mono\\",\\"Courier New\\",monospace;}
.font-sans{font-family:\\"Inter\\",ui-sans-serif,system-ui,-apple-system,BlinkMacSystemFont,\\"Segoe UI\\",Roboto,\\"Helvetica Neue\\",Arial,\\"Noto Sans\\",sans-serif,\\"Apple Color Emoji\\",\\"Segoe UI Emoji\\",\\"Segoe UI Symbol\\",\\"Noto Color Emoji\\";}"
`;
